Parsed test spec with 1 sessions

starting permutation: s1a s1b
step s1a: 
    SELECT 1 FROM master_add_node('localhost', 57637);
    SELECT 1 FROM master_add_node('localhost', 57638);

?column?       

1              
?column?       

1              
step s1b: 
	SELECT nodename, nodeport FROM pg_dist_node ORDER BY nodename, nodeport;

nodename       nodeport       

localhost      57637          
localhost      57638          
